2:8-23 TModule "TPatternSynonym"
5:9-12 TPatternSynonym "Foo"
