1:8-22 TModule "TUnicodeSyntax"
3:1-4 TVariable "a\66560b"
