useThen :: Applicative f => f Int -> f a -> f a
useThen = (\ x x8 -> (*>) x x8)
