4:6-9 TTypeConstructor "Foo"
4:12-15 TDataConstructor "Foo"
4:16-19 TTypeConstructor "Int"
5:10-12 TClass "Eq"
5:13-16 TTypeConstructor "Foo"
6:5-9 TClassMethod "(==)"
6:12-21 TVariable "undefined"
