4:1-2 TVariable "a"
4:5-13 TModuleName "Prelude."
4:13-22 TVariable "undefined"
5:1-2 TVariable "b"
5:8-16 TModuleName "Prelude."
5:16-20 TClassMethod "elem"
6:1-2 TVariable "c"
6:6-14 TModuleName "Prelude."
6:14-15 TClassMethod "+"
