data Foo = A Int | B Bool | C

foo :: Foo -> ()
foo x = case x of
  A i -> _
  B b -> _
  C -> _

