fromMaybe :: a -> Maybe a -> a
fromMaybe a Nothing = a
fromMaybe _ (Just a') = a'
