{-# LANGUAGE UndecidableInstances #-}

data Semi = Semi [String] Int

instance Semigroup Int => Semigroup Semi where
  (<>) (Semi l_l_c7 i8) (Semi l_l_c i)
    = Semi ((<>) l_l_c7 l_l_c) ((<>) i8 i)

