{-# LANGUAGE ViewPatterns #-}

splitLookup :: [(Int, String)] -> String
splitLookup (lookup 5 -> Nothing) = _
splitLookup (lookup 5 -> (Just s)) = _

