class Test a where
  test :: Bool -> a
  test False = _0
  test True = _1

