(-/) :: Bool -> a -> a
(-/) False a = _
(-/) True a = _

