test :: a
test =
  let t :: Bool -> a
      t False = _0
      t True = _1
   in _

